
2024-11-17 20:13:15 - INFO - Staff 'jk' logged in.
2024-11-17 20:14:44 - INFO - Staff 'jk' logged in.
2024-11-17 20:39:40 - INFO - Staff 'jk' logged in.
2024-11-17 20:41:46 - INFO - Staff 'jk' logged in.
2024-11-17 21:10:41 - INFO - Admin 'admin' logged in.
2024-11-17 21:10:43 - INFO - Admin 'admin' logged out.
2024-11-17 21:15:59 - INFO - Staff 'jk' logged in.
2024-11-17 21:16:27 - INFO - Staff 'jk' logged in.
2024-11-17 21:17:16 - INFO - Admin 'admin' logged in.
2024-11-17 21:17:31 - INFO - Admin 'admin' logged out.
2024-11-17 21:17:40 - INFO - Staff 'jk' logged in.
2024-11-17 21:17:47 - INFO - Staff 'jk' logged out.
2024-11-17 21:18:49 - INFO - Staff 'jk' logged in.
2024-11-17 21:19:04 - INFO - Staff 'jk' logged in.
2024-11-17 21:19:09 - INFO - Staff 'jk' logged out.
2024-11-18 07:47:40 - INFO - Staff 'jk' logged in.
2024-11-18 08:04:26 - INFO - Staff 'jk' logged in.
2024-11-18 08:05:01 - INFO - Staff 'jk' logged in.
2024-11-18 08:05:33 - INFO - Staff 'jk' logged in.
2024-11-18 08:05:36 - INFO - Staff 'jk' logged out.
2024-11-18 08:06:00 - INFO - Staff 'jk' logged in.
2024-11-18 08:06:37 - INFO - Staff 'jk' logged out.
2024-11-18 08:06:44 - INFO - Admin 'admin' logged in.
2024-11-18 08:07:34 - INFO - Admin 'admin' logged out.
2024-11-18 08:13:54 - INFO - Staff 'jk' logged in.
2024-11-18 08:14:09 - INFO - Order placed by 'staff' for customer 'jeff': Items - [Macaroni Hotpot (x5)], Total Amount: 1025.00
2024-11-18 08:14:58 - INFO - Order placed by 'staff' for customer 'jeff': Items - [French Fries (x6)], Total Amount: 636.00
2024-11-18 08:15:16 - INFO - Staff 'jk' logged out.
2024-11-18 08:15:28 - INFO - Admin 'admin' logged in.
2024-11-18 08:15:36 - INFO - Order placed by 'staff' for customer 'jeff': Items - [French Fries (x6)], Total Amount: 636.00
2024-11-18 08:15:39 - INFO - Admin 'admin' logged out.
2024-11-18 15:23:25 - INFO - Staff 'jk' logged in.
2024-11-19 15:32:21 - INFO - Staff 'jk' logged in.
